C51 COMPILER V9.54   MAIN                                                                  10/02/2022 14:48:00 PAGE 1   


C51 COMPILER V9.54, COMPILATION OF MODULE MAIN
OBJECT MODULE PLACED IN .\Objects\main.obj
COMPILER INVOKED BY: C:\Keil_v5\C51\BIN\C51.EXE app\src\main.c OPTIMIZE(8,SPEED) BROWSE INCDIR(.\bsp\inc;.\bsp\src;.\app
                    -\src;.\app\src;.\bsp;.\app) DEBUG OBJECTEXTEND PRINT(.\Listings\main.lst) TABS(2) OBJECT(.\Objects\main.obj)

line level    source

   1          #include "bsp.h"
   2          #include "math.h"
   3          BUF buf;
   4          
   5          void FastMode(void);
   6          void BrakeMode(void);
   7          void SlideMode(void);
   8          
   9          void main(void)
  10          {
  11   1        BSP_Init();
  12   1      
  13   1        Delay_ms(1000);
  14   1        RX_Mode();                //配置为接收模式
  15   1        LED_Red=0;
  16   1        LED_LightGreen=0;
  17   1        
  18   1        while(1)
  19   1        {
  20   2          buf=NRF_Receive();
  21   2          
  22   2        }
  23   1      }
  24          
  25          
  26          
  27          
  28          void INT3_Isr() interrupt 11   
  29          { 
  30   1          LED_Red=~LED_Red;     
  31   1            FastMode();
  32   1        
  33   1      }
  34          
  35          
  36          void FastMode(void)
  37          {
  38   1        //左摇杆推上，左轮前进
  39   1        if(buf.left>110)
  40   1        {
  41   2          PWM_SetLeftIN1(100,0);
  42   2          PWM_SetLeftIN2(buf.left,buf.middle);
  43   2          LED_Green=0;
  44   2           
  45   2        }
  46   1        else if(buf.left<90)
  47   1        {
  48   2        
  49   2          PWM_SetLeftIN1(buf.left,buf.middle);
  50   2          PWM_SetLeftIN2(100,0);
  51   2          LED_Green=0;
  52   2      
  53   2        }
  54   1        else if(buf.left>=90&&buf.left<=110)
C51 COMPILER V9.54   MAIN                                                                  10/02/2022 14:48:00 PAGE 2   

  55   1        {
  56   2          PWM_SetLeftIN1(200,34);
  57   2          PWM_SetLeftIN2(200,34);
  58   2          LED_Green=0;
  59   2        
  60   2        }
  61   1        
  62   1        //右摇杆推上，右轮前进
  63   1        if(buf.right>110)
  64   1        {
  65   2          PWM_SetRightIN1(100,0);
  66   2          PWM_SetRightIN2(buf.right,buf.middle);
  67   2          LED_Green=0;
  68   2        }
  69   1        else if(buf.right<90)
  70   1        {
  71   2          
  72   2          PWM_SetRightIN1(buf.right,buf.middle);
  73   2          PWM_SetRightIN2(100,0);
  74   2          LED_Green=0;
  75   2      
  76   2        }
  77   1        else if(buf.right>=90&&buf.right<=110)
  78   1        {
  79   2          PWM_SetRightIN1(200,34);
  80   2          PWM_SetRightIN2(200,34);
  81   2          LED_Green=0;
  82   2        
  83   2        }
  84   1      }


MODULE INFORMATION:   STATIC OVERLAYABLE
   CODE SIZE        =    269    ----
   CONSTANT SIZE    =   ----    ----
   XDATA SIZE       =   ----    ----
   PDATA SIZE       =   ----    ----
   DATA SIZE        =      8    ----
   IDATA SIZE       =   ----    ----
   BIT SIZE         =   ----    ----
END OF MODULE INFORMATION.


C51 COMPILATION COMPLETE.  0 WARNING(S),  0 ERROR(S)
